Archive member included to satisfy reference by file (symbol)

/opt/microchip/xc8/v3.10/avr/bin/../lib/gcc/avr/5.4.0/avr5/libgcc.a(_copy_data.o)
                              build/default/production/main.o (__do_copy_data)
/opt/microchip/xc8/v3.10/avr/bin/../lib/gcc/avr/5.4.0/../../../../avr/lib/avr5/libc.a(exit.o)
                              /opt/microchip/mplabx/v6.25/packs/Microchip/ATmega_DFP/3.3.279/xc8/avr/lib/avr5/crtatmega644p.o (exit)
/opt/microchip/xc8/v3.10/avr/bin/../lib/gcc/avr/5.4.0/../../../../avr/lib/avr5/libc.a(_Exit.o)
                              /opt/microchip/xc8/v3.10/avr/bin/../lib/gcc/avr/5.4.0/../../../../avr/lib/avr5/libc.a(exit.o) (_Exit)
/opt/microchip/xc8/v3.10/avr/bin/../lib/gcc/avr/5.4.0/avr5/libgcc.a(_exit.o)
                              /opt/microchip/xc8/v3.10/avr/bin/../lib/gcc/avr/5.4.0/../../../../avr/lib/avr5/libc.a(_Exit.o) (_exit)

Discarded input sections

 .data          0x0000000000000000        0x0 /opt/microchip/mplabx/v6.25/packs/Microchip/ATmega_DFP/3.3.279/xc8/avr/lib/avr5/crtatmega644p.o
 .bss           0x0000000000000000        0x0 /opt/microchip/mplabx/v6.25/packs/Microchip/ATmega_DFP/3.3.279/xc8/avr/lib/avr5/crtatmega644p.o
 .text          0x0000000000000000        0x0 build/default/production/main.o
 .data          0x0000000000000000        0x0 build/default/production/main.o
 .bss           0x0000000000000000        0x0 build/default/production/main.o
 .bss.g_OutString
                0x0000000000000000       0x50 build/default/production/main.o
 .text          0x0000000000000000        0x0 /opt/microchip/xc8/v3.10/avr/bin/../lib/gcc/avr/5.4.0/avr5/libgcc.a(_copy_data.o)
 .data          0x0000000000000000        0x0 /opt/microchip/xc8/v3.10/avr/bin/../lib/gcc/avr/5.4.0/avr5/libgcc.a(_copy_data.o)
 .bss           0x0000000000000000        0x0 /opt/microchip/xc8/v3.10/avr/bin/../lib/gcc/avr/5.4.0/avr5/libgcc.a(_copy_data.o)
 .text.libgcc.mul
                0x0000000000000000        0x0 /opt/microchip/xc8/v3.10/avr/bin/../lib/gcc/avr/5.4.0/avr5/libgcc.a(_copy_data.o)
 .text.libgcc.div
                0x0000000000000000        0x0 /opt/microchip/xc8/v3.10/avr/bin/../lib/gcc/avr/5.4.0/avr5/libgcc.a(_copy_data.o)
 .text.libgcc   0x0000000000000000        0x0 /opt/microchip/xc8/v3.10/avr/bin/../lib/gcc/avr/5.4.0/avr5/libgcc.a(_copy_data.o)
 .text.libgcc.prologue
                0x0000000000000000        0x0 /opt/microchip/xc8/v3.10/avr/bin/../lib/gcc/avr/5.4.0/avr5/libgcc.a(_copy_data.o)
 .text.libgcc.builtins
                0x0000000000000000        0x0 /opt/microchip/xc8/v3.10/avr/bin/../lib/gcc/avr/5.4.0/avr5/libgcc.a(_copy_data.o)
 .text.libgcc.fmul
                0x0000000000000000        0x0 /opt/microchip/xc8/v3.10/avr/bin/../lib/gcc/avr/5.4.0/avr5/libgcc.a(_copy_data.o)
 .text.libgcc.fixed
                0x0000000000000000        0x0 /opt/microchip/xc8/v3.10/avr/bin/../lib/gcc/avr/5.4.0/avr5/libgcc.a(_copy_data.o)
 .text          0x0000000000000000        0x0 /opt/microchip/xc8/v3.10/avr/bin/../lib/gcc/avr/5.4.0/../../../../avr/lib/avr5/libc.a(exit.o)
 .data          0x0000000000000000        0x0 /opt/microchip/xc8/v3.10/avr/bin/../lib/gcc/avr/5.4.0/../../../../avr/lib/avr5/libc.a(exit.o)
 .bss           0x0000000000000000        0x0 /opt/microchip/xc8/v3.10/avr/bin/../lib/gcc/avr/5.4.0/../../../../avr/lib/avr5/libc.a(exit.o)
 .stack.descriptors
                0x0000000000000000       0x73 /opt/microchip/xc8/v3.10/avr/bin/../lib/gcc/avr/5.4.0/../../../../avr/lib/avr5/libc.a(exit.o)
 .text          0x0000000000000000        0x0 /opt/microchip/xc8/v3.10/avr/bin/../lib/gcc/avr/5.4.0/../../../../avr/lib/avr5/libc.a(_Exit.o)
 .data          0x0000000000000000        0x0 /opt/microchip/xc8/v3.10/avr/bin/../lib/gcc/avr/5.4.0/../../../../avr/lib/avr5/libc.a(_Exit.o)
 .bss           0x0000000000000000        0x0 /opt/microchip/xc8/v3.10/avr/bin/../lib/gcc/avr/5.4.0/../../../../avr/lib/avr5/libc.a(_Exit.o)
 .stack.descriptors
                0x0000000000000000       0x13 /opt/microchip/xc8/v3.10/avr/bin/../lib/gcc/avr/5.4.0/../../../../avr/lib/avr5/libc.a(_Exit.o)
 .text          0x0000000000000000        0x0 /opt/microchip/xc8/v3.10/avr/bin/../lib/gcc/avr/5.4.0/avr5/libgcc.a(_exit.o)
 .data          0x0000000000000000        0x0 /opt/microchip/xc8/v3.10/avr/bin/../lib/gcc/avr/5.4.0/avr5/libgcc.a(_exit.o)
 .bss           0x0000000000000000        0x0 /opt/microchip/xc8/v3.10/avr/bin/../lib/gcc/avr/5.4.0/avr5/libgcc.a(_exit.o)
 .text.libgcc.mul
                0x0000000000000000        0x0 /opt/microchip/xc8/v3.10/avr/bin/../lib/gcc/avr/5.4.0/avr5/libgcc.a(_exit.o)
 .text.libgcc.div
                0x0000000000000000        0x0 /opt/microchip/xc8/v3.10/avr/bin/../lib/gcc/avr/5.4.0/avr5/libgcc.a(_exit.o)
 .text.libgcc   0x0000000000000000        0x0 /opt/microchip/xc8/v3.10/avr/bin/../lib/gcc/avr/5.4.0/avr5/libgcc.a(_exit.o)
 .text.libgcc.prologue
                0x0000000000000000        0x0 /opt/microchip/xc8/v3.10/avr/bin/../lib/gcc/avr/5.4.0/avr5/libgcc.a(_exit.o)
 .stack.descriptors
                0x0000000000000000       0x13 /opt/microchip/xc8/v3.10/avr/bin/../lib/gcc/avr/5.4.0/avr5/libgcc.a(_exit.o)
 .text.libgcc.builtins
                0x0000000000000000        0x0 /opt/microchip/xc8/v3.10/avr/bin/../lib/gcc/avr/5.4.0/avr5/libgcc.a(_exit.o)
 .text.libgcc.fmul
                0x0000000000000000        0x0 /opt/microchip/xc8/v3.10/avr/bin/../lib/gcc/avr/5.4.0/avr5/libgcc.a(_exit.o)
 .text.libgcc.fixed
                0x0000000000000000        0x0 /opt/microchip/xc8/v3.10/avr/bin/../lib/gcc/avr/5.4.0/avr5/libgcc.a(_exit.o)

Memory Configuration

Name             Origin             Length             Attributes
text             0x0000000000000000 0x0000000000010000 xr
data             0x0000000000800100 0x0000000000001000 rw !x
eeprom           0x0000000000810000 0x0000000000000800 rw !x
fuse             0x0000000000820000 0x0000000000000003 rw !x
lock             0x0000000000830000 0x0000000000000400 rw !x
signature        0x0000000000840000 0x0000000000000400 rw !x
user_signatures  0x0000000000850000 0x0000000000000400 rw !x
bootrow          0x0000000000860000 0x0000000000000400 rw !x
*default*        0x0000000000000000 0xffffffffffffffff

Linker script and memory map

Address of section .data set to 0x800100
LOAD /opt/microchip/mplabx/v6.25/packs/Microchip/ATmega_DFP/3.3.279/xc8/avr/lib/avr5/crtatmega644p.o
                0x0000000000000001                __MPLAB_BUILD = 0x1
LOAD build/default/production/main.o
START GROUP
LOAD /opt/microchip/xc8/v3.10/avr/bin/../lib/gcc/avr/5.4.0/../../../../avr/lib/avr5/libm.a
END GROUP
START GROUP
LOAD /opt/microchip/xc8/v3.10/avr/bin/../lib/gcc/avr/5.4.0/avr5/libgcc.a
LOAD /opt/microchip/xc8/v3.10/avr/bin/../lib/gcc/avr/5.4.0/../../../../avr/lib/avr5/libm.a
LOAD /opt/microchip/xc8/v3.10/avr/bin/../lib/gcc/avr/5.4.0/../../../../avr/lib/avr5/libc.a
LOAD /opt/microchip/mplabx/v6.25/packs/Microchip/ATmega_DFP/3.3.279/xc8/avr/lib/avr5/libatmega644p.a
END GROUP
                0x0000000000000000                __TEXT_REGION_ORIGIN__ = DEFINED (__TEXT_REGION_ORIGIN__)?__TEXT_REGION_ORIGIN__:0x0
                [0x0000000000800100]                __DATA_REGION_ORIGIN__ = DEFINED (__DATA_REGION_ORIGIN__)?__DATA_REGION_ORIGIN__:0x800060
                [0x0000000000010000]                __TEXT_REGION_LENGTH__ = DEFINED (__TEXT_REGION_LENGTH__)?__TEXT_REGION_LENGTH__:0x20000
                [0x0000000000001000]                __DATA_REGION_LENGTH__ = DEFINED (__DATA_REGION_LENGTH__)?__DATA_REGION_LENGTH__:0xffa0
                [0x0000000000000800]                __EEPROM_REGION_LENGTH__ = DEFINED (__EEPROM_REGION_LENGTH__)?__EEPROM_REGION_LENGTH__:0x10000
                [0x0000000000000003]                __FUSE_REGION_LENGTH__ = DEFINED (__FUSE_REGION_LENGTH__)?__FUSE_REGION_LENGTH__:0x400
                0x0000000000000400                __LOCK_REGION_LENGTH__ = DEFINED (__LOCK_REGION_LENGTH__)?__LOCK_REGION_LENGTH__:0x400
                0x0000000000000400                __SIGNATURE_REGION_LENGTH__ = DEFINED (__SIGNATURE_REGION_LENGTH__)?__SIGNATURE_REGION_LENGTH__:0x400
                0x0000000000000400                __USER_SIGNATURE_REGION_LENGTH__ = DEFINED (__USER_SIGNATURE_REGION_LENGTH__)?__USER_SIGNATURE_REGION_LENGTH__:0x400
                0x0000000000000400                __BOOTROW_REGION_LENGTH__ = DEFINED (__BOOTROW_REGION_LENGTH__)?__BOOTROW_REGION_LENGTH__:0x400

.hash
 *(.hash)

.dynsym
 *(.dynsym)

.dynstr
 *(.dynstr)

.gnu.version
 *(.gnu.version)

.gnu.version_d
 *(.gnu.version_d)

.gnu.version_r
 *(.gnu.version_r)

.rel.init
 *(.rel.init)

.rela.init
 *(.rela.init)

.rel.text
 *(.rel.text)
 *(.rel.text.*)
 *(.rel.gnu.linkonce.t*)

.rela.text
 *(.rela.text)
 *(.rela.text.*)
 *(.rela.gnu.linkonce.t*)

.rel.fini
 *(.rel.fini)

.rela.fini
 *(.rela.fini)

.rel.rodata
 *(.rel.rodata)
 *(.rel.rodata.*)
 *(.rel.gnu.linkonce.r*)

.rela.rodata
 *(.rela.rodata)
 *(.rela.rodata.*)
 *(.rela.gnu.linkonce.r*)

.rel.data
 *(.rel.data)
 *(.rel.data.*)
 *(.rel.gnu.linkonce.d*)

.rela.data
 *(.rela.data)
 *(.rela.data.*)
 *(.rela.gnu.linkonce.d*)

.rel.ctors
 *(.rel.ctors)

.rela.ctors
 *(.rela.ctors)

.rel.dtors
 *(.rel.dtors)

.rela.dtors
 *(.rela.dtors)

.rel.got
 *(.rel.got)

.rela.got
 *(.rela.got)

.rel.bss
 *(.rel.bss)

.rela.bss
 *(.rela.bss)

.rel.plt
 *(.rel.plt)

.rela.plt
 *(.rela.plt)

.text           0x0000000000000000       0xf4
 *(.vectors)
 .vectors       0x0000000000000000       0x7c /opt/microchip/mplabx/v6.25/packs/Microchip/ATmega_DFP/3.3.279/xc8/avr/lib/avr5/crtatmega644p.o
                0x0000000000000000                __vectors
                0x0000000000000000                __vector_default
 *(.vectors)
 *(.progmem.gcc*)
 *(.dinit)
 .dinit         0x000000000000007c       0x24 data_init
                0x00000000000000a0                . = ALIGN (0x2)
 *fill*         0x00000000000000a0        0x0 
                0x00000000000000a0                __trampolines_start = .
 *(.trampolines)
 .trampolines   0x00000000000000a0        0x0 linker stubs
 *(.trampolines*)
                0x00000000000000a0                __trampolines_end = .
 *libprintf_flt.a:*(.progmem.data)
 *libc.a:*(.progmem.data)
                0x00000000000000a0                . = ALIGN (0x2)
 *(.jumptables)
 *(.jumptables*)
 *(.lowtext)
 *(.lowtext*)
                0x00000000000000a0                __ctors_start = .
 *(.ctors)
                0x00000000000000a0                __ctors_end = .
                0x00000000000000a0                __dtors_start = .
 *(.dtors)
                0x00000000000000a0                __dtors_end = .
 SORT(*)(.ctors)
 SORT(*)(.dtors)
 *(.init0)
 .init0         0x00000000000000a0        0x0 /opt/microchip/mplabx/v6.25/packs/Microchip/ATmega_DFP/3.3.279/xc8/avr/lib/avr5/crtatmega644p.o
                0x00000000000000a0                __init
 *(.init0)
 *(.init1)
 *(.init1)
 *(.init2)
 .init2         0x00000000000000a0        0xc /opt/microchip/mplabx/v6.25/packs/Microchip/ATmega_DFP/3.3.279/xc8/avr/lib/avr5/crtatmega644p.o
 *(.init2)
 *(.init3)
 *(.init3)
 *(.init4)
 .init4         0x00000000000000ac       0x3c /opt/microchip/xc8/v3.10/avr/bin/../lib/gcc/avr/5.4.0/avr5/libgcc.a(_copy_data.o)
                0x00000000000000ac                __do_copy_data
                0x00000000000000da                __do_clear_bss
 *(.init4)
 *(.init5)
 *(.init5)
 *(.init6)
 *(.init6)
 *(.init7)
 *(.init7)
 *(.init8)
 *(.init8)
 *(.init9)
 .init9         0x00000000000000e8        0x8 /opt/microchip/mplabx/v6.25/packs/Microchip/ATmega_DFP/3.3.279/xc8/avr/lib/avr5/crtatmega644p.o
 *(.init9)
                0x00000000000000f0                . = ALIGN (0x2)
 *(.fini9)
 .fini9         0x00000000000000f0        0x0 /opt/microchip/xc8/v3.10/avr/bin/../lib/gcc/avr/5.4.0/avr5/libgcc.a(_exit.o)
                0x00000000000000f0                _exit
 *(.fini9)
 *(.fini8)
 *(.fini8)
 *(.fini7)
 *(.fini7)
 *(.fini6)
 *(.fini6)
 *(.fini5)
 *(.fini5)
 *(.fini4)
 *(.fini4)
 *(.fini3)
 *(.fini3)
 *(.fini2)
 *(.fini2)
 *(.fini1)
 *(.fini1)
 *(.fini0)
 .fini0         0x00000000000000f0        0x4 /opt/microchip/xc8/v3.10/avr/bin/../lib/gcc/avr/5.4.0/avr5/libgcc.a(_exit.o)
 *(.fini0)
                0x00000000000000f4                _etext = .

.data           0x0000000000800100        0x0 load address 0x00000000000000f4
                [!provide]                        PROVIDE (__data_start, .)
 *(.gnu.linkonce.d*)
 *(.gnu.linkonce.r*)
                0x0000000000800100                . = ALIGN (0x2)
                0x0000000000800100                _edata = .
                [!provide]                        PROVIDE (__data_end, .)

.bss            0x0000000000800100        0x0
                [!provide]                        PROVIDE (__bss_start, .)
 *(COMMON)
                [!provide]                        PROVIDE (__bss_end, .)
                0x00000000000000f4                __data_load_start = LOADADDR (.data)
                0x00000000000000f4                __data_load_end = (__data_load_start + SIZEOF (.data))

.noinit         0x0000000000800100        0x0
                [!provide]                        PROVIDE (__noinit_start, .)
 *(.noinit*)
                [!provide]                        PROVIDE (__noinit_end, .)
                0x0000000000800100                _end = .

.eeprom         0x0000000000810000        0x0
 *(.eeprom*)
                0x0000000000810000                __eeprom_end = .

.fuse           0x0000000000820000        0x3
 *(.fuse)
 .fuse          0x0000000000820000        0x3 build/default/production/main.o
                0x0000000000820000                __fuse
 *(.lfuse)
 *(.hfuse)
 *(.efuse)

.lock           0x0000000000830000        0x1
 *(.lock*)
 .lock          0x0000000000830000        0x1 build/default/production/main.o
                0x0000000000830000                __lock

.signature
 *(.signature*)

.user_signatures
 *(.user_signatures*)

.bootrow
 *(.bootrow*)

.stab
 *(.stab)

.stabstr
 *(.stabstr)

.stab.excl
 *(.stab.excl)

.stab.exclstr
 *(.stab.exclstr)

.stab.index
 *(.stab.index)

.stab.indexstr
 *(.stab.indexstr)

.comment        0x0000000000000000       0x5b
 *(.comment)
 .comment       0x0000000000000000       0x2f build/default/production/main.o
                                         0x30 (size before relaxing)
 .comment       0x000000000000002f       0x2c /opt/microchip/xc8/v3.10/avr/bin/../lib/gcc/avr/5.4.0/../../../../avr/lib/avr5/libc.a(exit.o)
                                         0x2d (size before relaxing)
 .comment       0x000000000000005b       0x2d /opt/microchip/xc8/v3.10/avr/bin/../lib/gcc/avr/5.4.0/../../../../avr/lib/avr5/libc.a(_Exit.o)

.stack.descriptors.hdr
                0x0000000000000000       0x2a
 .stack.descriptors.hdr
                0x0000000000000000        0xe /opt/microchip/xc8/v3.10/avr/bin/../lib/gcc/avr/5.4.0/../../../../avr/lib/avr5/libc.a(exit.o)
 .stack.descriptors.hdr
                0x000000000000000e        0xe /opt/microchip/xc8/v3.10/avr/bin/../lib/gcc/avr/5.4.0/../../../../avr/lib/avr5/libc.a(_Exit.o)
 .stack.descriptors.hdr
                0x000000000000001c        0xe /opt/microchip/xc8/v3.10/avr/bin/../lib/gcc/avr/5.4.0/avr5/libgcc.a(_exit.o)

.note.GNU-stack
                0x0000000000000000        0x0
 .note.GNU-stack
                0x0000000000000000        0x0 /opt/microchip/xc8/v3.10/avr/bin/../lib/gcc/avr/5.4.0/../../../../avr/lib/avr5/libc.a(exit.o)
 .note.GNU-stack
                0x0000000000000000        0x0 /opt/microchip/xc8/v3.10/avr/bin/../lib/gcc/avr/5.4.0/../../../../avr/lib/avr5/libc.a(_Exit.o)

.note.gnu.build-id
 *(.note.gnu.build-id)

.debug
 *(.debug)

.line
 *(.line)

.debug_srcinfo
 *(.debug_srcinfo)

.debug_sfnames
 *(.debug_sfnames)

.debug_aranges  0x0000000000000000       0x68
 *(.debug_aranges)
 .debug_aranges
                0x0000000000000000       0x68 build/default/production/main.o

.debug_pubnames
 *(.debug_pubnames)

.debug_info     0x0000000000000000     0x104a
 *(.debug_info .gnu.linkonce.wi.*)
 .debug_info    0x0000000000000000      0x6cc /opt/microchip/mplabx/v6.25/packs/Microchip/ATmega_DFP/3.3.279/xc8/avr/lib/avr5/crtatmega644p.o
 .debug_info    0x00000000000006cc      0x97e build/default/production/main.o

.debug_abbrev   0x0000000000000000      0x8bf
 *(.debug_abbrev)
 .debug_abbrev  0x0000000000000000      0x66e /opt/microchip/mplabx/v6.25/packs/Microchip/ATmega_DFP/3.3.279/xc8/avr/lib/avr5/crtatmega644p.o
 .debug_abbrev  0x000000000000066e      0x251 build/default/production/main.o

.debug_line     0x0000000000000000      0x6a1
 *(.debug_line .debug_line.* .debug_line_end)
 .debug_line    0x0000000000000000      0x152 /opt/microchip/mplabx/v6.25/packs/Microchip/ATmega_DFP/3.3.279/xc8/avr/lib/avr5/crtatmega644p.o
 .debug_line    0x0000000000000152      0x54f build/default/production/main.o

.debug_frame    0x0000000000000000       0xc8
 *(.debug_frame)
 .debug_frame   0x0000000000000000       0xc8 build/default/production/main.o

.debug_str      0x0000000000000000      0x252
 *(.debug_str)
 .debug_str     0x0000000000000000      0x252 /opt/microchip/mplabx/v6.25/packs/Microchip/ATmega_DFP/3.3.279/xc8/avr/lib/avr5/crtatmega644p.o
 .debug_str     0x0000000000000252        0x0 build/default/production/main.o

.debug_loc      0x0000000000000000      0x329
 *(.debug_loc)
 .debug_loc     0x0000000000000000      0x329 build/default/production/main.o

.debug_macinfo
 *(.debug_macinfo)

.debug_weaknames
 *(.debug_weaknames)

.debug_funcnames
 *(.debug_funcnames)

.debug_typenames
 *(.debug_typenames)

.debug_varnames
 *(.debug_varnames)

.debug_pubtypes
 *(.debug_pubtypes)

.debug_ranges   0x0000000000000000       0x90
 *(.debug_ranges)
 .debug_ranges  0x0000000000000000       0x90 build/default/production/main.o

.debug_macro
 *(.debug_macro)
OUTPUT(dist/default/production/Keybed.X.production.elf elf32-avr)
LOAD linker stubs
LOAD data_init

.note.gnu.avr.deviceinfo
                0x0000000000000000       0x40
 .note.gnu.avr.deviceinfo
                0x0000000000000000       0x40 /opt/microchip/mplabx/v6.25/packs/Microchip/ATmega_DFP/3.3.279/xc8/avr/lib/avr5/crtatmega644p.o

.bss.CtrlStatus
                0x00000000008001a4        0x1
 .bss.CtrlStatus
                0x00000000008001a4        0x1 build/default/production/main.o
                0x00000000008001a4                CtrlStatus

.bss.ShiftStatus
                0x00000000008001a5        0x1
 .bss.ShiftStatus
                0x00000000008001a5        0x1 build/default/production/main.o
                0x00000000008001a5                ShiftStatus

.bss.debouncecount
                0x00000000008001a1        0x2
 .bss.debouncecount
                0x00000000008001a1        0x2 build/default/production/main.o
                0x00000000008001a1                debouncecount

.bss.KeyCol     0x00000000008001a8        0x1
 .bss.KeyCol    0x00000000008001a8        0x1 build/default/production/main.o
                0x00000000008001a8                KeyCol

.bss.KeyPress   0x00000000008001a9        0x1
 .bss.KeyPress  0x00000000008001a9        0x1 build/default/production/main.o
                0x00000000008001a9                KeyPress

.bss.ColCount   0x00000000008001aa        0x1
 .bss.ColCount  0x00000000008001aa        0x1 build/default/production/main.o
                0x00000000008001aa                ColCount

.bss.CAPSLED    0x00000000008001ab        0x1
 .bss.CAPSLED   0x00000000008001ab        0x1 build/default/production/main.o
                0x00000000008001ab                CAPSLED

.bss.charpos    0x00000000008001ac        0x1
 .bss.charpos   0x00000000008001ac        0x1 build/default/production/main.o
                0x00000000008001ac                charpos

.text.main      0x00000000000000f4      0x250
 .text.main     0x00000000000000f4      0x250 build/default/production/main.o
                0x00000000000000f4                main

.text.__vector_13
                0x0000000000000344       0x84
 .text.__vector_13
                0x0000000000000344       0x84 build/default/production/main.o
                0x0000000000000344                __vector_13

.text.UpdateDisplay
                0x00000000000003c8       0x58
 .text.UpdateDisplay
                0x00000000000003c8       0x58 build/default/production/main.o
                0x00000000000003c8                UpdateDisplay

.text.TIMER1_Init
                0x0000000000000420       0x28
 .text.TIMER1_Init
                0x0000000000000420       0x28 build/default/production/main.o
                0x0000000000000420                TIMER1_Init

.text.GetBitNum
                0x0000000000000448       0x22
 .text.GetBitNum
                0x0000000000000448       0x22 build/default/production/main.o
                0x0000000000000448                GetBitNum

.text.USART0_Init
                0x000000000000046a       0x22
 .text.USART0_Init
                0x000000000000046a       0x22 build/default/production/main.o
                0x000000000000046a                USART0_Init

.text.USART0_PutString
                0x000000000000048c       0x1e
 .text.USART0_PutString
                0x000000000000048c       0x1e build/default/production/main.o
                0x000000000000048c                USART0_PutString

.text.exit      0x00000000000004aa       0x16
 .text.exit     0x00000000000004aa       0x16 /opt/microchip/xc8/v3.10/avr/bin/../lib/gcc/avr/5.4.0/../../../../avr/lib/avr5/libc.a(exit.o)
                0x00000000000004aa                exit

.text.USART0_GetChar
                0x00000000000004c0       0x12
 .text.USART0_GetChar
                0x00000000000004c0       0x12 build/default/production/main.o
                0x00000000000004c0                USART0_GetChar

.text.USART0_Put
                0x00000000000004d2       0x10
 .text.USART0_Put
                0x00000000000004d2       0x10 build/default/production/main.o
                0x00000000000004d2                USART0_Put

.text.USART0_CheckChar
                0x00000000000004e2        0xc
 .text.USART0_CheckChar
                0x00000000000004e2        0xc build/default/production/main.o
                0x00000000000004e2                USART0_CheckChar

.text           0x00000000000004ee        0x4
 .text          0x00000000000004ee        0x4 /opt/microchip/mplabx/v6.25/packs/Microchip/ATmega_DFP/3.3.279/xc8/avr/lib/avr5/crtatmega644p.o
                0x00000000000004ee                __vector_22
                0x00000000000004ee                __vector_28
                0x00000000000004ee                __vector_1
                0x00000000000004ee                __vector_24
                0x00000000000004ee                __vector_12
                0x00000000000004ee                __bad_interrupt
                0x00000000000004ee                __vector_6
                0x00000000000004ee                __vector_3
                0x00000000000004ee                __vector_23
                0x00000000000004ee                __vector_30
                0x00000000000004ee                __vector_25
                0x00000000000004ee                __vector_11
                0x00000000000004ee                __vector_17
                0x00000000000004ee                __vector_19
                0x00000000000004ee                __vector_7
                0x00000000000004ee                __vector_27
                0x00000000000004ee                __vector_5
                0x00000000000004ee                __vector_4
                0x00000000000004ee                __vector_9
                0x00000000000004ee                __vector_2
                0x00000000000004ee                __vector_21
                0x00000000000004ee                __vector_15
                0x00000000000004ee                __vector_29
                0x00000000000004ee                __vector_8
                0x00000000000004ee                __vector_26
                0x00000000000004ee                __vector_14
                0x00000000000004ee                __vector_10
                0x00000000000004ee                __vector_16
                0x00000000000004ee                __vector_18
                0x00000000000004ee                __vector_20

.text._Exit     0x00000000000004f2        0x4
 .text._Exit    0x00000000000004f2        0x4 /opt/microchip/xc8/v3.10/avr/bin/../lib/gcc/avr/5.4.0/../../../../avr/lib/avr5/libc.a(_Exit.o)
                0x00000000000004f2                _Exit

.text.__dummy_fini
                0x00000000000004f6        0x2
 .text.__dummy_fini
                0x00000000000004f6        0x2 /opt/microchip/xc8/v3.10/avr/bin/../lib/gcc/avr/5.4.0/../../../../avr/lib/avr5/libc.a(exit.o)
                0x00000000000004f6                _fini

.text.__dummy_funcs_on_exit
                0x00000000000004f8        0x2
 .text.__dummy_funcs_on_exit
                0x00000000000004f8        0x2 /opt/microchip/xc8/v3.10/avr/bin/../lib/gcc/avr/5.4.0/../../../../avr/lib/avr5/libc.a(exit.o)
                0x00000000000004f8                __funcs_on_exit

.text.__dummy_simulator_exit
                0x00000000000004fa        0x2
 .text.__dummy_simulator_exit
                0x00000000000004fa        0x2 /opt/microchip/xc8/v3.10/avr/bin/../lib/gcc/avr/5.4.0/../../../../avr/lib/avr5/libc.a(exit.o)
                0x00000000000004fa                __simulator_exit

.data.shiftchartable
                0x0000000000800100       0x40 load address 0x00000000000004fc
 .data.shiftchartable
                0x0000000000800100       0x40 build/default/production/main.o
                0x0000000000800100                shiftchartable

.data.chartable
                0x0000000000800140       0x40 load address 0x000000000000053c
 .data.chartable
                0x0000000000800140       0x40 build/default/production/main.o
                0x0000000000800140                chartable

.rodata         0x0000000000800180       0x19 load address 0x000000000000057c
 .rodata        0x0000000000800180       0x19 build/default/production/main.o

.data.dispchar  0x0000000000800199        0x8 load address 0x0000000000000595
 .data.dispchar
                0x0000000000800199        0x8 build/default/production/main.o
                0x0000000000800199                dispchar

.data.CapsLock  0x00000000008001a3        0x1 load address 0x000000000000059d
 .data.CapsLock
                0x00000000008001a3        0x1 build/default/production/main.o
                0x00000000008001a3                CapsLock

.data.olddataout
                0x00000000008001a6        0x1 load address 0x000000000000059e
 .data.olddataout
                0x00000000008001a6        0x1 build/default/production/main.o
                0x00000000008001a6                olddataout

.data.Sent      0x00000000008001a7        0x1 load address 0x000000000000059f
 .data.Sent     0x00000000008001a7        0x1 build/default/production/main.o
                0x00000000008001a7                Sent
